This is file to pull request 
Open a Pull Request on GitHub
Push your commits to the remote, and set a tracking branch. Type: git push -u origin <BRANCH-NAME>
Enter your GitHub username and password, if prompted to do so.
Create a Pull Request on GitHub.
Fill out the body of the Pull Request with information about the changes you're introducing.

in git bash(BA_Tasks_Done)
git checkout -b <newbranchname>

This is the process to follow pull 


pankaja@DESKTOP-986UGOM MINGW64 /c/ba_tasks/BA_Tasks_Done (master)
$ git checkout -b minor_fix
Switched to a new branch 'minor_fix'

pankaja@DESKTOP-986UGOM MINGW64 /c/ba_tasks/BA_Tasks_Done (minor_fix)
$ git status
On branch minor_fix
nothing to commit, working tree clean

pankaja@DESKTOP-986UGOM MINGW64 /c/ba_tasks/BA_Tasks_Done (minor_fix)
$ git status
On branch minor_fix
Untracked files:
  (use "git add <file>..." to include in what will be committed)

        P v S.png

nothing added to commit but untracked files present (use "git add" to track)

pankaja@DESKTOP-986UGOM MINGW64 /c/ba_tasks/BA_Tasks_Done (minor_fix)
$ git add .

pankaja@DESKTOP-986UGOM MINGW64 /c/ba_tasks/BA_Tasks_Done (minor_fix)
$ git commit -m 'added product vs service diff screenshot'
[minor_fix ef97eee] added product vs service diff screenshot
 1 file changed, 0 insertions(+), 0 deletions(-)
 create mode 100644 P v S.png

pankaja@DESKTOP-986UGOM MINGW64 /c/ba_tasks/BA_Tasks_Done (minor_fix)
$ git push origin minor_fix
Enumerating objects: 71, done.
Counting objects: 100% (71/71), done.
Delta compression using up to 4 threads
Compressing objects: 100% (68/68), done.
Writing objects: 100% (71/71), 5.59 MiB | 2.18 MiB/s, done.
Total 71 (delta 17), reused 0 (delta 0)
remote: Resolving deltas: 100% (17/17), done.
remote:
remote: Create a pull request for 'minor_fix' on GitHub by visiting:
remote:      https://github.com/kulkarnipankaja/BA_Tasks_Done/pull/new/minor_fix
remote:
To https://github.com/kulkarnipankaja/BA_Tasks_Done.git
 * [new branch]      minor_fix -> minor_fix

pankaja@DESKTOP-986UGOM MINGW64 /c/ba_tasks/BA_Tasks_Done (minor_fix)
$


